[2025-07-19 15:08:29.957] [INFO] [DirectoryUtils.EnsureDirectoryExists]: 检查目录路径: E:\project\CodeGeneratorOpenness\CodeGeneratorOpenness\bin\Debug\project
[2025-07-19 15:08:29.957] [INFO] [DirectoryUtils.EnsureDirectoryExists]: 目录已存在: E:\project\CodeGeneratorOpenness\CodeGeneratorOpenness\bin\Debug\project
[2025-07-19 15:08:29.957] [INFO] [DirectoryUtils.EnsureDirectoryExists]: 检查目录路径: E:\project\CodeGeneratorOpenness\CodeGeneratorOpenness\bin\Debug\project\config
[2025-07-19 15:08:29.957] [INFO] [DirectoryUtils.EnsureDirectoryExists]: 目录已存在: E:\project\CodeGeneratorOpenness\CodeGeneratorOpenness\bin\Debug\project\config
[2025-07-19 15:08:29.957] [INFO] [DirectoryUtils.EnsureDirectoryExists]: 检查目录路径: E:\project\CodeGeneratorOpenness\CodeGeneratorOpenness\bin\Debug\project\treenode
[2025-07-19 15:08:29.957] [INFO] [DirectoryUtils.EnsureDirectoryExists]: 目录已存在: E:\project\CodeGeneratorOpenness\CodeGeneratorOpenness\bin\Debug\project\treenode
[2025-07-19 15:08:29.957] [INFO] [DirectoryUtils.EnsureDirectoryExists]: 检查目录路径: E:\project\CodeGeneratorOpenness\CodeGeneratorOpenness\bin\Debug\template
[2025-07-19 15:08:29.957] [INFO] [DirectoryUtils.EnsureDirectoryExists]: 目录已存在: E:\project\CodeGeneratorOpenness\CodeGeneratorOpenness\bin\Debug\template
[2025-07-19 15:08:29.957] [INFO] [DirectoryUtils.EnsureDirectoryExists]: 检查目录路径: E:\project\CodeGeneratorOpenness\CodeGeneratorOpenness\bin\Debug\Output
[2025-07-19 15:08:29.957] [INFO] [DirectoryUtils.EnsureDirectoryExists]: 目录已存在: E:\project\CodeGeneratorOpenness\CodeGeneratorOpenness\bin\Debug\Output
[2025-07-19 15:08:29.957] [INFO] [DirectoryUtils.EnsureDirectoryExists]: 检查目录路径: E:\project\CodeGeneratorOpenness\CodeGeneratorOpenness\bin\Debug\Output\Log
[2025-07-19 15:08:29.957] [INFO] [DirectoryUtils.EnsureDirectoryExists]: 目录已存在: E:\project\CodeGeneratorOpenness\CodeGeneratorOpenness\bin\Debug\Output\Log
[2025-07-19 15:08:29.957] [INFO] [DirectoryUtils.EnsureDirectoryExists]: 检查目录路径: E:\project\CodeGeneratorOpenness\CodeGeneratorOpenness\bin\Debug\Output\Result
[2025-07-19 15:08:29.957] [INFO] [DirectoryUtils.EnsureDirectoryExists]: 目录已存在: E:\project\CodeGeneratorOpenness\CodeGeneratorOpenness\bin\Debug\Output\Result
[2025-07-19 15:08:29.957] [INFO] [DirectoryUtils.EnsureDirectoryExists]: 检查目录路径: E:\project\CodeGeneratorOpenness\CodeGeneratorOpenness\bin\Debug\Output\Reports
[2025-07-19 15:08:29.957] [INFO] [DirectoryUtils.EnsureDirectoryExists]: 目录已存在: E:\project\CodeGeneratorOpenness\CodeGeneratorOpenness\bin\Debug\Output\Reports
[2025-07-19 15:08:29.957] [INFO] [DirectoryUtils.EnsureDirectoryExists]: 检查目录路径: E:\project\CodeGeneratorOpenness\CodeGeneratorOpenness\bin\Debug\Data
[2025-07-19 15:08:29.957] [INFO] [DirectoryUtils.EnsureDirectoryExists]: 目录已存在: E:\project\CodeGeneratorOpenness\CodeGeneratorOpenness\bin\Debug\Data
[2025-07-19 15:08:29.957] [INFO] [DirectoryUtils.EnsureDirectoryExists]: 检查目录路径: E:\project\CodeGeneratorOpenness\CodeGeneratorOpenness\bin\Debug\UserLibrary
[2025-07-19 15:08:29.957] [INFO] [DirectoryUtils.EnsureDirectoryExists]: 目录已存在: E:\project\CodeGeneratorOpenness\CodeGeneratorOpenness\bin\Debug\UserLibrary
[2025-07-19 15:08:29.957] [INFO] [Program.InitializeDirectories]: 目录结构初始化完成
[2025-07-19 15:08:30.005] [INFO] [frmStartup.Load]: 启动画面加载，开始检查模板文件路径
[2025-07-19 15:08:30.005] [INFO] [CheckFilePathExists]: 开始检查文件路径: CodeGeneratorOpenness\bin\Debug\template\Automation_Framework_PROJ_V1_2\Automation_Framework_PROJ_V1_2.ap19
[2025-07-19 15:08:30.005] [INFO] [CheckFilePathExists]: 转换后的绝对路径: E:\project\CodeGeneratorOpenness\CodeGeneratorOpenness\bin\Debug\CodeGeneratorOpenness\bin\Debug\template\Automation_Framework_PROJ_V1_2\Automation_Framework_PROJ_V1_2.ap19
[2025-07-19 15:08:30.005] [WARNING] [CheckFilePathExists]: 文件路径不存在: E:\project\CodeGeneratorOpenness\CodeGeneratorOpenness\bin\Debug\CodeGeneratorOpenness\bin\Debug\template\Automation_Framework_PROJ_V1_2\Automation_Framework_PROJ_V1_2.ap19
[2025-07-19 15:11:19.041] [INFO] [DirectoryUtils.EnsureDirectoryExists]: 检查目录路径: E:\project\CodeGeneratorOpenness\CodeGeneratorOpenness\bin\Debug\project
[2025-07-19 15:11:19.041] [INFO] [DirectoryUtils.EnsureDirectoryExists]: 目录已存在: E:\project\CodeGeneratorOpenness\CodeGeneratorOpenness\bin\Debug\project
[2025-07-19 15:11:19.041] [INFO] [DirectoryUtils.EnsureDirectoryExists]: 检查目录路径: E:\project\CodeGeneratorOpenness\CodeGeneratorOpenness\bin\Debug\project\config
[2025-07-19 15:11:19.041] [INFO] [DirectoryUtils.EnsureDirectoryExists]: 目录已存在: E:\project\CodeGeneratorOpenness\CodeGeneratorOpenness\bin\Debug\project\config
[2025-07-19 15:11:19.041] [INFO] [DirectoryUtils.EnsureDirectoryExists]: 检查目录路径: E:\project\CodeGeneratorOpenness\CodeGeneratorOpenness\bin\Debug\project\treenode
[2025-07-19 15:11:19.041] [INFO] [DirectoryUtils.EnsureDirectoryExists]: 目录已存在: E:\project\CodeGeneratorOpenness\CodeGeneratorOpenness\bin\Debug\project\treenode
[2025-07-19 15:11:19.041] [INFO] [DirectoryUtils.EnsureDirectoryExists]: 检查目录路径: E:\project\CodeGeneratorOpenness\CodeGeneratorOpenness\bin\Debug\template
[2025-07-19 15:11:19.041] [INFO] [DirectoryUtils.EnsureDirectoryExists]: 目录已存在: E:\project\CodeGeneratorOpenness\CodeGeneratorOpenness\bin\Debug\template
[2025-07-19 15:11:19.041] [INFO] [DirectoryUtils.EnsureDirectoryExists]: 检查目录路径: E:\project\CodeGeneratorOpenness\CodeGeneratorOpenness\bin\Debug\Output
[2025-07-19 15:11:19.041] [INFO] [DirectoryUtils.EnsureDirectoryExists]: 目录已存在: E:\project\CodeGeneratorOpenness\CodeGeneratorOpenness\bin\Debug\Output
[2025-07-19 15:11:19.041] [INFO] [DirectoryUtils.EnsureDirectoryExists]: 检查目录路径: E:\project\CodeGeneratorOpenness\CodeGeneratorOpenness\bin\Debug\Output\Log
[2025-07-19 15:11:19.041] [INFO] [DirectoryUtils.EnsureDirectoryExists]: 目录已存在: E:\project\CodeGeneratorOpenness\CodeGeneratorOpenness\bin\Debug\Output\Log
[2025-07-19 15:11:19.041] [INFO] [DirectoryUtils.EnsureDirectoryExists]: 检查目录路径: E:\project\CodeGeneratorOpenness\CodeGeneratorOpenness\bin\Debug\Output\Result
[2025-07-19 15:11:19.041] [INFO] [DirectoryUtils.EnsureDirectoryExists]: 目录已存在: E:\project\CodeGeneratorOpenness\CodeGeneratorOpenness\bin\Debug\Output\Result
[2025-07-19 15:11:19.041] [INFO] [DirectoryUtils.EnsureDirectoryExists]: 检查目录路径: E:\project\CodeGeneratorOpenness\CodeGeneratorOpenness\bin\Debug\Output\Reports
[2025-07-19 15:11:19.041] [INFO] [DirectoryUtils.EnsureDirectoryExists]: 目录已存在: E:\project\CodeGeneratorOpenness\CodeGeneratorOpenness\bin\Debug\Output\Reports
[2025-07-19 15:11:19.041] [INFO] [DirectoryUtils.EnsureDirectoryExists]: 检查目录路径: E:\project\CodeGeneratorOpenness\CodeGeneratorOpenness\bin\Debug\Data
[2025-07-19 15:11:19.041] [INFO] [DirectoryUtils.EnsureDirectoryExists]: 目录已存在: E:\project\CodeGeneratorOpenness\CodeGeneratorOpenness\bin\Debug\Data
[2025-07-19 15:11:19.041] [INFO] [DirectoryUtils.EnsureDirectoryExists]: 检查目录路径: E:\project\CodeGeneratorOpenness\CodeGeneratorOpenness\bin\Debug\UserLibrary
[2025-07-19 15:11:19.041] [INFO] [DirectoryUtils.EnsureDirectoryExists]: 目录已存在: E:\project\CodeGeneratorOpenness\CodeGeneratorOpenness\bin\Debug\UserLibrary
[2025-07-19 15:11:19.041] [INFO] [Program.InitializeDirectories]: 目录结构初始化完成
[2025-07-19 15:11:19.071] [INFO] [frmStartup.Load]: 启动画面加载，开始检查模板文件路径
[2025-07-19 15:11:19.071] [INFO] [CheckFilePathExists]: 开始检查文件路径: template\Automation_Framework_PROJ_V1_2\Automation_Framework_PROJ_V1_2.ap19
[2025-07-19 15:11:19.071] [INFO] [CheckFilePathExists]: 转换后的绝对路径: E:\project\CodeGeneratorOpenness\CodeGeneratorOpenness\bin\Debug\template\Automation_Framework_PROJ_V1_2\Automation_Framework_PROJ_V1_2.ap19
[2025-07-19 15:11:19.071] [INFO] [CheckFilePathExists]: 文件路径存在: E:\project\CodeGeneratorOpenness\CodeGeneratorOpenness\bin\Debug\template\Automation_Framework_PROJ_V1_2\Automation_Framework_PROJ_V1_2.ap19
[2025-07-19 15:12:45.820] [INFO] [DirectoryUtils.EnsureDirectoryExists]: 检查目录路径: E:\project\CodeGeneratorOpenness\CodeGeneratorOpenness\bin\Debug\project
[2025-07-19 15:12:45.820] [INFO] [DirectoryUtils.EnsureDirectoryExists]: 目录已存在: E:\project\CodeGeneratorOpenness\CodeGeneratorOpenness\bin\Debug\project
[2025-07-19 15:12:45.820] [INFO] [DirectoryUtils.EnsureDirectoryExists]: 检查目录路径: E:\project\CodeGeneratorOpenness\CodeGeneratorOpenness\bin\Debug\project\config
[2025-07-19 15:12:45.820] [INFO] [DirectoryUtils.EnsureDirectoryExists]: 目录已存在: E:\project\CodeGeneratorOpenness\CodeGeneratorOpenness\bin\Debug\project\config
[2025-07-19 15:12:45.820] [INFO] [DirectoryUtils.EnsureDirectoryExists]: 检查目录路径: E:\project\CodeGeneratorOpenness\CodeGeneratorOpenness\bin\Debug\project\treenode
[2025-07-19 15:12:45.820] [INFO] [DirectoryUtils.EnsureDirectoryExists]: 目录已存在: E:\project\CodeGeneratorOpenness\CodeGeneratorOpenness\bin\Debug\project\treenode
[2025-07-19 15:12:45.820] [INFO] [DirectoryUtils.EnsureDirectoryExists]: 检查目录路径: E:\project\CodeGeneratorOpenness\CodeGeneratorOpenness\bin\Debug\template
[2025-07-19 15:12:45.820] [INFO] [DirectoryUtils.EnsureDirectoryExists]: 目录已存在: E:\project\CodeGeneratorOpenness\CodeGeneratorOpenness\bin\Debug\template
[2025-07-19 15:12:45.820] [INFO] [DirectoryUtils.EnsureDirectoryExists]: 检查目录路径: E:\project\CodeGeneratorOpenness\CodeGeneratorOpenness\bin\Debug\Output
[2025-07-19 15:12:45.820] [INFO] [DirectoryUtils.EnsureDirectoryExists]: 目录已存在: E:\project\CodeGeneratorOpenness\CodeGeneratorOpenness\bin\Debug\Output
[2025-07-19 15:12:45.820] [INFO] [DirectoryUtils.EnsureDirectoryExists]: 检查目录路径: E:\project\CodeGeneratorOpenness\CodeGeneratorOpenness\bin\Debug\Output\Log
[2025-07-19 15:12:45.820] [INFO] [DirectoryUtils.EnsureDirectoryExists]: 目录已存在: E:\project\CodeGeneratorOpenness\CodeGeneratorOpenness\bin\Debug\Output\Log
[2025-07-19 15:12:45.820] [INFO] [DirectoryUtils.EnsureDirectoryExists]: 检查目录路径: E:\project\CodeGeneratorOpenness\CodeGeneratorOpenness\bin\Debug\Output\Result
[2025-07-19 15:12:45.820] [INFO] [DirectoryUtils.EnsureDirectoryExists]: 目录已存在: E:\project\CodeGeneratorOpenness\CodeGeneratorOpenness\bin\Debug\Output\Result
[2025-07-19 15:12:45.820] [INFO] [DirectoryUtils.EnsureDirectoryExists]: 检查目录路径: E:\project\CodeGeneratorOpenness\CodeGeneratorOpenness\bin\Debug\Output\Reports
[2025-07-19 15:12:45.820] [INFO] [DirectoryUtils.EnsureDirectoryExists]: 目录已存在: E:\project\CodeGeneratorOpenness\CodeGeneratorOpenness\bin\Debug\Output\Reports
[2025-07-19 15:12:45.820] [INFO] [DirectoryUtils.EnsureDirectoryExists]: 检查目录路径: E:\project\CodeGeneratorOpenness\CodeGeneratorOpenness\bin\Debug\Data
[2025-07-19 15:12:45.820] [INFO] [DirectoryUtils.EnsureDirectoryExists]: 目录已存在: E:\project\CodeGeneratorOpenness\CodeGeneratorOpenness\bin\Debug\Data
[2025-07-19 15:12:45.820] [INFO] [DirectoryUtils.EnsureDirectoryExists]: 检查目录路径: E:\project\CodeGeneratorOpenness\CodeGeneratorOpenness\bin\Debug\UserLibrary
[2025-07-19 15:12:45.820] [INFO] [DirectoryUtils.EnsureDirectoryExists]: 目录已存在: E:\project\CodeGeneratorOpenness\CodeGeneratorOpenness\bin\Debug\UserLibrary
[2025-07-19 15:12:45.820] [INFO] [Program.InitializeDirectories]: 目录结构初始化完成
[2025-07-19 15:12:45.863] [INFO] [frmStartup.Load]: 启动画面加载，开始检查模板文件路径
[2025-07-19 15:12:45.863] [INFO] [CheckFilePathExists]: 开始检查文件路径: template\Automation_Framework_PROJ_V1_2\Automation_Framework_PROJ_V1_2.ap19
[2025-07-19 15:12:45.863] [INFO] [CheckFilePathExists]: 转换后的绝对路径: E:\project\CodeGeneratorOpenness\CodeGeneratorOpenness\bin\Debug\template\Automation_Framework_PROJ_V1_2\Automation_Framework_PROJ_V1_2.ap19
[2025-07-19 15:12:45.863] [INFO] [CheckFilePathExists]: 文件路径存在: E:\project\CodeGeneratorOpenness\CodeGeneratorOpenness\bin\Debug\template\Automation_Framework_PROJ_V1_2\Automation_Framework_PROJ_V1_2.ap19
[2025-07-19 15:13:19.781] [INFO] [DirectoryUtils.EnsureDirectoryExists]: 检查目录路径: E:\project\CodeGeneratorOpenness\CodeGeneratorOpenness\bin\Debug\project
[2025-07-19 15:13:19.781] [INFO] [DirectoryUtils.EnsureDirectoryExists]: 目录已存在: E:\project\CodeGeneratorOpenness\CodeGeneratorOpenness\bin\Debug\project
[2025-07-19 15:13:19.781] [INFO] [DirectoryUtils.EnsureDirectoryExists]: 检查目录路径: E:\project\CodeGeneratorOpenness\CodeGeneratorOpenness\bin\Debug\project\config
[2025-07-19 15:13:19.781] [INFO] [DirectoryUtils.EnsureDirectoryExists]: 目录已存在: E:\project\CodeGeneratorOpenness\CodeGeneratorOpenness\bin\Debug\project\config
[2025-07-19 15:13:19.781] [INFO] [DirectoryUtils.EnsureDirectoryExists]: 检查目录路径: E:\project\CodeGeneratorOpenness\CodeGeneratorOpenness\bin\Debug\project\treenode
[2025-07-19 15:13:19.781] [INFO] [DirectoryUtils.EnsureDirectoryExists]: 目录已存在: E:\project\CodeGeneratorOpenness\CodeGeneratorOpenness\bin\Debug\project\treenode
[2025-07-19 15:13:19.781] [INFO] [DirectoryUtils.EnsureDirectoryExists]: 检查目录路径: E:\project\CodeGeneratorOpenness\CodeGeneratorOpenness\bin\Debug\template
[2025-07-19 15:13:19.781] [INFO] [DirectoryUtils.EnsureDirectoryExists]: 目录已存在: E:\project\CodeGeneratorOpenness\CodeGeneratorOpenness\bin\Debug\template
[2025-07-19 15:13:19.781] [INFO] [DirectoryUtils.EnsureDirectoryExists]: 检查目录路径: E:\project\CodeGeneratorOpenness\CodeGeneratorOpenness\bin\Debug\Output
[2025-07-19 15:13:19.781] [INFO] [DirectoryUtils.EnsureDirectoryExists]: 目录已存在: E:\project\CodeGeneratorOpenness\CodeGeneratorOpenness\bin\Debug\Output
[2025-07-19 15:13:19.781] [INFO] [DirectoryUtils.EnsureDirectoryExists]: 检查目录路径: E:\project\CodeGeneratorOpenness\CodeGeneratorOpenness\bin\Debug\Output\Log
[2025-07-19 15:13:19.781] [INFO] [DirectoryUtils.EnsureDirectoryExists]: 目录已存在: E:\project\CodeGeneratorOpenness\CodeGeneratorOpenness\bin\Debug\Output\Log
[2025-07-19 15:13:19.781] [INFO] [DirectoryUtils.EnsureDirectoryExists]: 检查目录路径: E:\project\CodeGeneratorOpenness\CodeGeneratorOpenness\bin\Debug\Output\Result
[2025-07-19 15:13:19.781] [INFO] [DirectoryUtils.EnsureDirectoryExists]: 目录已存在: E:\project\CodeGeneratorOpenness\CodeGeneratorOpenness\bin\Debug\Output\Result
[2025-07-19 15:13:19.781] [INFO] [DirectoryUtils.EnsureDirectoryExists]: 检查目录路径: E:\project\CodeGeneratorOpenness\CodeGeneratorOpenness\bin\Debug\Output\Reports
[2025-07-19 15:13:19.781] [INFO] [DirectoryUtils.EnsureDirectoryExists]: 目录已存在: E:\project\CodeGeneratorOpenness\CodeGeneratorOpenness\bin\Debug\Output\Reports
[2025-07-19 15:13:19.781] [INFO] [DirectoryUtils.EnsureDirectoryExists]: 检查目录路径: E:\project\CodeGeneratorOpenness\CodeGeneratorOpenness\bin\Debug\Data
[2025-07-19 15:13:19.781] [INFO] [DirectoryUtils.EnsureDirectoryExists]: 目录已存在: E:\project\CodeGeneratorOpenness\CodeGeneratorOpenness\bin\Debug\Data
[2025-07-19 15:13:19.781] [INFO] [DirectoryUtils.EnsureDirectoryExists]: 检查目录路径: E:\project\CodeGeneratorOpenness\CodeGeneratorOpenness\bin\Debug\UserLibrary
[2025-07-19 15:13:19.781] [INFO] [DirectoryUtils.EnsureDirectoryExists]: 目录已存在: E:\project\CodeGeneratorOpenness\CodeGeneratorOpenness\bin\Debug\UserLibrary
[2025-07-19 15:13:19.781] [INFO] [Program.InitializeDirectories]: 目录结构初始化完成
[2025-07-19 15:13:19.825] [INFO] [frmStartup.Load]: 启动画面加载，开始检查模板文件路径
[2025-07-19 15:13:19.825] [INFO] [CheckFilePathExists]: 开始检查文件路径: template\Automation_Framework_PROJ_V1_2\Automation_Framework_PROJ_V1_2.ap19
[2025-07-19 15:13:19.825] [INFO] [CheckFilePathExists]: 转换后的绝对路径: E:\project\CodeGeneratorOpenness\CodeGeneratorOpenness\bin\Debug\template\Automation_Framework_PROJ_V1_2\Automation_Framework_PROJ_V1_2.ap19
[2025-07-19 15:13:19.825] [INFO] [CheckFilePathExists]: 文件路径存在: E:\project\CodeGeneratorOpenness\CodeGeneratorOpenness\bin\Debug\template\Automation_Framework_PROJ_V1_2\Automation_Framework_PROJ_V1_2.ap19
[2025-07-19 15:14:40.512] [INFO] [DirectoryUtils.EnsureDirectoryExists]: 检查目录路径: E:\project\CodeGeneratorOpenness\CodeGeneratorOpenness\bin\Debug\project
[2025-07-19 15:14:40.512] [INFO] [DirectoryUtils.EnsureDirectoryExists]: 目录已存在: E:\project\CodeGeneratorOpenness\CodeGeneratorOpenness\bin\Debug\project
[2025-07-19 15:14:40.512] [INFO] [DirectoryUtils.EnsureDirectoryExists]: 检查目录路径: E:\project\CodeGeneratorOpenness\CodeGeneratorOpenness\bin\Debug\project\config
[2025-07-19 15:14:40.512] [INFO] [DirectoryUtils.EnsureDirectoryExists]: 目录已存在: E:\project\CodeGeneratorOpenness\CodeGeneratorOpenness\bin\Debug\project\config
[2025-07-19 15:14:40.512] [INFO] [DirectoryUtils.EnsureDirectoryExists]: 检查目录路径: E:\project\CodeGeneratorOpenness\CodeGeneratorOpenness\bin\Debug\project\treenode
[2025-07-19 15:14:40.512] [INFO] [DirectoryUtils.EnsureDirectoryExists]: 目录已存在: E:\project\CodeGeneratorOpenness\CodeGeneratorOpenness\bin\Debug\project\treenode
[2025-07-19 15:14:40.512] [INFO] [DirectoryUtils.EnsureDirectoryExists]: 检查目录路径: E:\project\CodeGeneratorOpenness\CodeGeneratorOpenness\bin\Debug\template
[2025-07-19 15:14:40.512] [INFO] [DirectoryUtils.EnsureDirectoryExists]: 目录已存在: E:\project\CodeGeneratorOpenness\CodeGeneratorOpenness\bin\Debug\template
[2025-07-19 15:14:40.512] [INFO] [DirectoryUtils.EnsureDirectoryExists]: 检查目录路径: E:\project\CodeGeneratorOpenness\CodeGeneratorOpenness\bin\Debug\Output
[2025-07-19 15:14:40.512] [INFO] [DirectoryUtils.EnsureDirectoryExists]: 目录已存在: E:\project\CodeGeneratorOpenness\CodeGeneratorOpenness\bin\Debug\Output
[2025-07-19 15:14:40.512] [INFO] [DirectoryUtils.EnsureDirectoryExists]: 检查目录路径: E:\project\CodeGeneratorOpenness\CodeGeneratorOpenness\bin\Debug\Output\Log
[2025-07-19 15:14:40.512] [INFO] [DirectoryUtils.EnsureDirectoryExists]: 目录已存在: E:\project\CodeGeneratorOpenness\CodeGeneratorOpenness\bin\Debug\Output\Log
[2025-07-19 15:14:40.512] [INFO] [DirectoryUtils.EnsureDirectoryExists]: 检查目录路径: E:\project\CodeGeneratorOpenness\CodeGeneratorOpenness\bin\Debug\Output\Result
[2025-07-19 15:14:40.512] [INFO] [DirectoryUtils.EnsureDirectoryExists]: 目录已存在: E:\project\CodeGeneratorOpenness\CodeGeneratorOpenness\bin\Debug\Output\Result
[2025-07-19 15:14:40.512] [INFO] [DirectoryUtils.EnsureDirectoryExists]: 检查目录路径: E:\project\CodeGeneratorOpenness\CodeGeneratorOpenness\bin\Debug\Output\Reports
[2025-07-19 15:14:40.512] [INFO] [DirectoryUtils.EnsureDirectoryExists]: 目录已存在: E:\project\CodeGeneratorOpenness\CodeGeneratorOpenness\bin\Debug\Output\Reports
[2025-07-19 15:14:40.512] [INFO] [DirectoryUtils.EnsureDirectoryExists]: 检查目录路径: E:\project\CodeGeneratorOpenness\CodeGeneratorOpenness\bin\Debug\Data
[2025-07-19 15:14:40.512] [INFO] [DirectoryUtils.EnsureDirectoryExists]: 目录已存在: E:\project\CodeGeneratorOpenness\CodeGeneratorOpenness\bin\Debug\Data
[2025-07-19 15:14:40.512] [INFO] [DirectoryUtils.EnsureDirectoryExists]: 检查目录路径: E:\project\CodeGeneratorOpenness\CodeGeneratorOpenness\bin\Debug\UserLibrary
[2025-07-19 15:14:40.512] [INFO] [DirectoryUtils.EnsureDirectoryExists]: 目录已存在: E:\project\CodeGeneratorOpenness\CodeGeneratorOpenness\bin\Debug\UserLibrary
[2025-07-19 15:14:40.512] [INFO] [Program.InitializeDirectories]: 目录结构初始化完成
[2025-07-19 15:14:40.566] [INFO] [frmStartup.Load]: 启动画面加载，开始检查模板文件路径
[2025-07-19 15:14:40.566] [INFO] [CheckFilePathExists]: 开始检查文件路径: template\Automation_Framework_PROJ_V1_2\Automation_Framework_PROJ_V1_2.ap19
[2025-07-19 15:14:40.567] [INFO] [CheckFilePathExists]: 转换后的绝对路径: E:\project\CodeGeneratorOpenness\CodeGeneratorOpenness\bin\Debug\template\Automation_Framework_PROJ_V1_2\Automation_Framework_PROJ_V1_2.ap19
[2025-07-19 15:14:40.567] [WARNING] [CheckFilePathExists]: 文件路径不存在: E:\project\CodeGeneratorOpenness\CodeGeneratorOpenness\bin\Debug\template\Automation_Framework_PROJ_V1_2\Automation_Framework_PROJ_V1_2.ap19
[2025-07-19 15:15:25.628] [INFO] [DirectoryUtils.EnsureDirectoryExists]: 检查目录路径: E:\project\CodeGeneratorOpenness\CodeGeneratorOpenness\bin\Debug\project
[2025-07-19 15:15:25.628] [INFO] [DirectoryUtils.EnsureDirectoryExists]: 目录已存在: E:\project\CodeGeneratorOpenness\CodeGeneratorOpenness\bin\Debug\project
[2025-07-19 15:15:25.628] [INFO] [DirectoryUtils.EnsureDirectoryExists]: 检查目录路径: E:\project\CodeGeneratorOpenness\CodeGeneratorOpenness\bin\Debug\project\config
[2025-07-19 15:15:25.628] [INFO] [DirectoryUtils.EnsureDirectoryExists]: 目录已存在: E:\project\CodeGeneratorOpenness\CodeGeneratorOpenness\bin\Debug\project\config
[2025-07-19 15:15:25.628] [INFO] [DirectoryUtils.EnsureDirectoryExists]: 检查目录路径: E:\project\CodeGeneratorOpenness\CodeGeneratorOpenness\bin\Debug\project\treenode
[2025-07-19 15:15:25.628] [INFO] [DirectoryUtils.EnsureDirectoryExists]: 目录已存在: E:\project\CodeGeneratorOpenness\CodeGeneratorOpenness\bin\Debug\project\treenode
[2025-07-19 15:15:25.628] [INFO] [DirectoryUtils.EnsureDirectoryExists]: 检查目录路径: E:\project\CodeGeneratorOpenness\CodeGeneratorOpenness\bin\Debug\template
[2025-07-19 15:15:25.628] [INFO] [DirectoryUtils.EnsureDirectoryExists]: 目录已存在: E:\project\CodeGeneratorOpenness\CodeGeneratorOpenness\bin\Debug\template
[2025-07-19 15:15:25.628] [INFO] [DirectoryUtils.EnsureDirectoryExists]: 检查目录路径: E:\project\CodeGeneratorOpenness\CodeGeneratorOpenness\bin\Debug\Output
[2025-07-19 15:15:25.628] [INFO] [DirectoryUtils.EnsureDirectoryExists]: 目录已存在: E:\project\CodeGeneratorOpenness\CodeGeneratorOpenness\bin\Debug\Output
[2025-07-19 15:15:25.628] [INFO] [DirectoryUtils.EnsureDirectoryExists]: 检查目录路径: E:\project\CodeGeneratorOpenness\CodeGeneratorOpenness\bin\Debug\Output\Log
[2025-07-19 15:15:25.628] [INFO] [DirectoryUtils.EnsureDirectoryExists]: 目录已存在: E:\project\CodeGeneratorOpenness\CodeGeneratorOpenness\bin\Debug\Output\Log
[2025-07-19 15:15:25.628] [INFO] [DirectoryUtils.EnsureDirectoryExists]: 检查目录路径: E:\project\CodeGeneratorOpenness\CodeGeneratorOpenness\bin\Debug\Output\Result
[2025-07-19 15:15:25.628] [INFO] [DirectoryUtils.EnsureDirectoryExists]: 目录已存在: E:\project\CodeGeneratorOpenness\CodeGeneratorOpenness\bin\Debug\Output\Result
[2025-07-19 15:15:25.628] [INFO] [DirectoryUtils.EnsureDirectoryExists]: 检查目录路径: E:\project\CodeGeneratorOpenness\CodeGeneratorOpenness\bin\Debug\Output\Reports
[2025-07-19 15:15:25.628] [INFO] [DirectoryUtils.EnsureDirectoryExists]: 目录已存在: E:\project\CodeGeneratorOpenness\CodeGeneratorOpenness\bin\Debug\Output\Reports
[2025-07-19 15:15:25.628] [INFO] [DirectoryUtils.EnsureDirectoryExists]: 检查目录路径: E:\project\CodeGeneratorOpenness\CodeGeneratorOpenness\bin\Debug\Data
[2025-07-19 15:15:25.638] [INFO] [DirectoryUtils.EnsureDirectoryExists]: 目录已存在: E:\project\CodeGeneratorOpenness\CodeGeneratorOpenness\bin\Debug\Data
[2025-07-19 15:15:25.638] [INFO] [DirectoryUtils.EnsureDirectoryExists]: 检查目录路径: E:\project\CodeGeneratorOpenness\CodeGeneratorOpenness\bin\Debug\UserLibrary
[2025-07-19 15:15:25.638] [INFO] [DirectoryUtils.EnsureDirectoryExists]: 目录已存在: E:\project\CodeGeneratorOpenness\CodeGeneratorOpenness\bin\Debug\UserLibrary
[2025-07-19 15:15:25.638] [INFO] [Program.InitializeDirectories]: 目录结构初始化完成
[2025-07-19 15:15:25.677] [INFO] [frmStartup.Load]: 启动画面加载，开始检查模板文件路径
[2025-07-19 15:15:25.677] [INFO] [CheckFilePathExists]: 开始检查文件路径: template\Automation_Framework_PROJ_V1_2\Automation_Framework_PROJ_V1_2.ap19
[2025-07-19 15:15:25.677] [INFO] [CheckFilePathExists]: 转换后的绝对路径: E:\project\CodeGeneratorOpenness\CodeGeneratorOpenness\bin\Debug\template\Automation_Framework_PROJ_V1_2\Automation_Framework_PROJ_V1_2.ap19
[2025-07-19 15:15:25.677] [WARNING] [CheckFilePathExists]: 文件路径不存在: E:\project\CodeGeneratorOpenness\CodeGeneratorOpenness\bin\Debug\template\Automation_Framework_PROJ_V1_2\Automation_Framework_PROJ_V1_2.ap19
